------------------------------------------------------------
TimeQuest Timing Analyzer Summary
------------------------------------------------------------

Type  : Slow 1200mV 100C Model Setup 'i_PC.Load'
Slack : -2.458
TNS   : -11.650

Type  : Slow 1200mV 100C Model Setup 'i_PC.Count'
Slack : -0.001
TNS   : -0.001

Type  : Slow 1200mV 100C Model Hold 'i_PC.Count'
Slack : -2.017
TNS   : -3.874

Type  : Slow 1200mV 100C Model Hold 'i_PC.Load'
Slack : -0.427
TNS   : -2.189

Type  : Slow 1200mV 100C Model Minimum Pulse Width 'i_PC.Load'
Slack : -3.000
TNS   : -23.560

Type  : Slow 1200mV 100C Model Minimum Pulse Width 'i_PC.Count'
Slack : -3.000
TNS   : -5.638

Type  : Slow 1200mV -40C Model Setup 'i_PC.Load'
Slack : -1.779
TNS   : -7.003

Type  : Slow 1200mV -40C Model Setup 'i_PC.Count'
Slack : 0.138
TNS   : 0.000

Type  : Slow 1200mV -40C Model Hold 'i_PC.Count'
Slack : -1.553
TNS   : -2.935

Type  : Slow 1200mV -40C Model Hold 'i_PC.Load'
Slack : -0.367
TNS   : -1.959

Type  : Slow 1200mV -40C Model Minimum Pulse Width 'i_PC.Load'
Slack : -3.000
TNS   : -23.560

Type  : Slow 1200mV -40C Model Minimum Pulse Width 'i_PC.Count'
Slack : -3.000
TNS   : -5.570

Type  : Fast 1200mV -40C Model Setup 'i_PC.Load'
Slack : -0.785
TNS   : -3.239

Type  : Fast 1200mV -40C Model Setup 'i_PC.Count'
Slack : 0.279
TNS   : 0.000

Type  : Fast 1200mV -40C Model Hold 'i_PC.Count'
Slack : -0.999
TNS   : -1.934

Type  : Fast 1200mV -40C Model Hold 'i_PC.Load'
Slack : -0.213
TNS   : -1.332

Type  : Fast 1200mV -40C Model Minimum Pulse Width 'i_PC.Load'
Slack : -3.000
TNS   : -20.690

Type  : Fast 1200mV -40C Model Minimum Pulse Width 'i_PC.Count'
Slack : -3.000
TNS   : -5.698

------------------------------------------------------------
