------------------------------------------------------------
TimeQuest Timing Analyzer Summary
------------------------------------------------------------

Type  : Slow 1200mV 100C Model Setup 'Load'
Slack : -2.474
TNS   : -19.513

Type  : Slow 1200mV 100C Model Setup 'Count'
Slack : 0.130
TNS   : 0.000

Type  : Slow 1200mV 100C Model Hold 'Count'
Slack : -2.208
TNS   : -4.392

Type  : Slow 1200mV 100C Model Hold 'Load'
Slack : 0.217
TNS   : 0.000

Type  : Slow 1200mV 100C Model Minimum Pulse Width 'Load'
Slack : -3.000
TNS   : -23.560

Type  : Slow 1200mV 100C Model Minimum Pulse Width 'Count'
Slack : -3.000
TNS   : -5.748

Type  : Slow 1200mV -40C Model Setup 'Load'
Slack : -1.798
TNS   : -10.473

Type  : Slow 1200mV -40C Model Setup 'Count'
Slack : 0.252
TNS   : 0.000

Type  : Slow 1200mV -40C Model Hold 'Count'
Slack : -1.726
TNS   : -3.398

Type  : Slow 1200mV -40C Model Hold 'Load'
Slack : -0.037
TNS   : -0.063

Type  : Slow 1200mV -40C Model Minimum Pulse Width 'Load'
Slack : -3.000
TNS   : -23.560

Type  : Slow 1200mV -40C Model Minimum Pulse Width 'Count'
Slack : -3.000
TNS   : -5.570

Type  : Fast 1200mV -40C Model Setup 'Load'
Slack : -0.801
TNS   : -10.866

Type  : Fast 1200mV -40C Model Setup 'Count'
Slack : 0.318
TNS   : 0.000

Type  : Fast 1200mV -40C Model Hold 'Count'
Slack : -1.119
TNS   : -2.231

Type  : Fast 1200mV -40C Model Hold 'Load'
Slack : 0.070
TNS   : 0.000

Type  : Fast 1200mV -40C Model Minimum Pulse Width 'Load'
Slack : -3.000
TNS   : -21.286

Type  : Fast 1200mV -40C Model Minimum Pulse Width 'Count'
Slack : -3.000
TNS   : -6.262

------------------------------------------------------------
